"""
>>> add_integer = __import__('0-add_integer').add_integer
>>> add_integer(2)
100
>>> add_integer(2, 3)
5
>>> add_integer(2, -5)
-3
>>> add_integer(2.5, -100)
-98
>>> add_integer(2, "3")
Traceback (most recent call last):
...
TypeError: unsupported operand type(s) for +: 'int' and 'str'
>>> add_integer(2, [3])
Traceback (most recent call last):
...
TypeError: unsupported operand type(s) for +: 'int' and 'list'
>>> add_integer(2, (3,))
Traceback (most recent call last):
...
TypeError: unsupported operand type(s) for +: 'int' and 'tuple'
>>> add_integer(2, {3})
Traceback (most recent call last):
...
TypeError: unsupported operand type(s) for +: 'int' and 'set'
>>> add_integer(2, None)
Traceback (most recent call last):
...
TypeError: unsupported operand type(s) for +: 'int' and 'NoneType'
>>> 
"""