=====================
Test 0-add_integer.py
=====================

>>> add_integer = __import__('0-add_integer').add_integer
>>> add_integer(2)
100
>>> add_integer(2, 3)
5
>>> add_integer(2, -5)
-3
>>> add_integer(2.5, -100)
-98
>>> add_integer("hello", 3)
Traceback (most recent call last):
TypeError: a must be an integer

>>> add_integer(2, "hello")
Traceback (most recent call last):
TypeError: b must be an integer

>>> add_integer(float('nan'))
Traceback (most recent call last):
ValueError: cannot convert float NaN to integer

>>> add_integer(float('inf'))
Traceback (most recent call last):
OverflowError: cannot convert float infinity to integer
